===== TSO_0: uniqueness experiment =====

----- Generating TSO_0... -----

Tests: 10
  positive: 2
  negative: 8

Sketch state space: 2^624

Synthesizing...

Synthesis complete!
time: 993 ms
tests used: 6/10

solution: ppo: (& po (+ (-> Writes (& (& Writes MemoryEvent) (- MemoryEvent Atomics))) (- (-> MemoryEvent (+ Writes Reads)) (- (-> Writes Reads) (-> Atomics MemoryEvent)))))
          grf: (& rf (- (-> univ univ) (& (join proc (~ proc)) rf)))
           ab: (-> none none)

Verifying solution...
Verified 10 litmus tests


----- Making TSO_0 unique... -----
Litmus test sketch:
  Up to 4 threads, with up to 6 total instructions.

Making model unique...
New distinguishing test [#1]:
Test disambig0
=============================
P0            | P1           
-----------------------------
r1 <- [A]     | [B] <- 1     
r2 <- [B]     | LOCK [A] <- 1
=============================
r1=1 /\ r2=0
Allowed by oracle? #f

New distinguishing test [#2]:
Test disambig1
=============================
P0            | P1           
-----------------------------
r1 <- [B]     | LOCK [A] <- 1
r2 <- [A]     | LOCK [B] <- 1
=============================
r1=1 /\ r2=0
Allowed by oracle? #f

New distinguishing test [#3]:
Test disambig2
=============================
P0            | P1           
-----------------------------
r1 <- [B]     | r2 <- [A]    
LOCK [A] <- 1 | [B] <- 1     
=============================
r1=1 /\ r2=1
Allowed by oracle? #f

New distinguishing test [#4]:
Test disambig3
=============================
P0            | P1           
-----------------------------
[A] <- 1      | LOCK [B] <- 1
sync          | r2 <- [A]    
r1 <- [B]     |              
=============================
r1=0 /\ r2=0
Allowed by oracle? #f


Model is now unique!
time: 5984191 ms
new tests: 4

solution: ppo: (& po (+ (+ (-> Atomics Reads) (- po (-> Writes Reads))) (-> Atomics Atomics)))
          grf: (& rf (& (join loc (~ loc)) (- rf (join proc (~ proc)))))
           ab: (-> none none)
